../Drivers/STM32U0xx_HAL_Driver/Inc/stm32u0xx_ll_pwr.h:427:22:LL_PWR_SetRegulVoltageScaling	16	static
../Drivers/STM32U0xx_HAL_Driver/Inc/stm32u0xx_ll_pwr.h:1367:26:LL_PWR_IsActiveFlag_VOS	8	static
../Drivers/STM32U0xx_HAL_Driver/Inc/stm32u0xx_ll_rcc.h:1097:22:LL_RCC_HSI_Enable	8	static
../Drivers/STM32U0xx_HAL_Driver/Inc/stm32u0xx_ll_rcc.h:1117:26:LL_RCC_HSI_IsReady	8	static
../Drivers/STM32U0xx_HAL_Driver/Inc/stm32u0xx_ll_rcc.h:1173:22:LL_RCC_HSI_SetCalibTrimming	16	static
../Drivers/STM32U0xx_HAL_Driver/Inc/stm32u0xx_ll_rcc.h:1671:22:LL_RCC_SetSysClkSource	16	static
../Drivers/STM32U0xx_HAL_Driver/Inc/stm32u0xx_ll_rcc.h:1687:26:LL_RCC_GetSysClkSource	8	static
../Drivers/STM32U0xx_HAL_Driver/Inc/stm32u0xx_ll_rcc.h:1707:22:LL_RCC_SetAHBPrescaler	16	static
../Drivers/STM32U0xx_HAL_Driver/Inc/stm32u0xx_ll_rcc.h:1723:22:LL_RCC_SetAPB1Prescaler	16	static
../Drivers/STM32U0xx_HAL_Driver/Inc/stm32u0xx_ll_bus.h:896:22:LL_APB1_GRP2_EnableClock	24	static
../Drivers/STM32U0xx_HAL_Driver/Inc/stm32u0xx_ll_bus.h:1158:22:LL_IOP_GRP1_EnableClock	24	static
../Drivers/STM32U0xx_HAL_Driver/Inc/stm32u0xx_ll_system.h:1805:22:LL_FLASH_SetLatency	16	static
../Drivers/STM32U0xx_HAL_Driver/Inc/stm32u0xx_ll_system.h:1818:26:LL_FLASH_GetLatency	8	static
../Drivers/STM32U0xx_HAL_Driver/Inc/stm32u0xx_ll_spi.h:439:22:LL_SPI_SetStandard	16	static
../Drivers/STM32U0xx_HAL_Driver/Inc/stm32u0xx_ll_spi.h:875:22:LL_SPI_EnableNSSPulseMgt	16	static
../Drivers/STM32U0xx_HAL_Driver/Inc/stm32u0xx_ll_gpio.h:922:22:LL_GPIO_ResetOutputPin	16	static
../Core/Src/main.c:66:5:main	8	static
../Core/Src/main.c:121:6:SystemClock_Config	8	static
../Core/Src/main.c:163:13:MX_SPI1_Init	80	static
../Core/Src/main.c:228:13:MX_GPIO_Init	32	static
../Core/Src/main.c:277:6:HAL_TIM_PeriodElapsedCallback	16	static
../Core/Src/main.c:295:6:Error_Handler	8	static,ignoring_inline_asm
