../Drivers/STM32U0xx_HAL_Driver/Inc/stm32u0xx_ll_utils.h:270:22:LL_InitTick	16	static
../Drivers/STM32U0xx_HAL_Driver/Inc/stm32u0xx_ll_rcc.h:1008:22:LL_RCC_HSE_EnableBypass	8	static
../Drivers/STM32U0xx_HAL_Driver/Inc/stm32u0xx_ll_rcc.h:1018:22:LL_RCC_HSE_DisableBypass	8	static
../Drivers/STM32U0xx_HAL_Driver/Inc/stm32u0xx_ll_rcc.h:1028:22:LL_RCC_HSE_Enable	8	static
../Drivers/STM32U0xx_HAL_Driver/Inc/stm32u0xx_ll_rcc.h:1048:26:LL_RCC_HSE_IsReady	8	static
../Drivers/STM32U0xx_HAL_Driver/Inc/stm32u0xx_ll_rcc.h:1097:22:LL_RCC_HSI_Enable	8	static
../Drivers/STM32U0xx_HAL_Driver/Inc/stm32u0xx_ll_rcc.h:1117:26:LL_RCC_HSI_IsReady	8	static
../Drivers/STM32U0xx_HAL_Driver/Inc/stm32u0xx_ll_rcc.h:1416:22:LL_RCC_MSI_Enable	8	static
../Drivers/STM32U0xx_HAL_Driver/Inc/stm32u0xx_ll_rcc.h:1436:26:LL_RCC_MSI_IsReady	8	static
../Drivers/STM32U0xx_HAL_Driver/Inc/stm32u0xx_ll_rcc.h:1530:26:LL_RCC_MSI_GetRange	8	static
../Drivers/STM32U0xx_HAL_Driver/Inc/stm32u0xx_ll_rcc.h:1671:22:LL_RCC_SetSysClkSource	16	static
../Drivers/STM32U0xx_HAL_Driver/Inc/stm32u0xx_ll_rcc.h:1687:26:LL_RCC_GetSysClkSource	8	static
../Drivers/STM32U0xx_HAL_Driver/Inc/stm32u0xx_ll_rcc.h:1707:22:LL_RCC_SetAHBPrescaler	16	static
../Drivers/STM32U0xx_HAL_Driver/Inc/stm32u0xx_ll_rcc.h:1723:22:LL_RCC_SetAPB1Prescaler	16	static
../Drivers/STM32U0xx_HAL_Driver/Inc/stm32u0xx_ll_rcc.h:2285:22:LL_RCC_PLL_Enable	8	static
../Drivers/STM32U0xx_HAL_Driver/Inc/stm32u0xx_ll_rcc.h:2306:26:LL_RCC_PLL_IsReady	8	static
../Drivers/STM32U0xx_HAL_Driver/Inc/stm32u0xx_ll_rcc.h:2406:22:LL_RCC_PLL_ConfigDomain_SYS	24	static
../Drivers/STM32U0xx_HAL_Driver/Inc/stm32u0xx_ll_rcc.h:2703:22:LL_RCC_PLL_EnableDomain_SYS	8	static
../Drivers/STM32U0xx_HAL_Driver/Inc/stm32u0xx_ll_system.h:1805:22:LL_FLASH_SetLatency	16	static
../Drivers/STM32U0xx_HAL_Driver/Inc/stm32u0xx_ll_system.h:1818:26:LL_FLASH_GetLatency	8	static
../Drivers/STM32U0xx_HAL_Driver/Inc/stm32u0xx_ll_pwr.h:439:26:LL_PWR_GetRegulVoltageScaling	8	static
../Drivers/STM32U0xx_HAL_Driver/Src/stm32u0xx_ll_utils.c:164:6:LL_Init1msTick	16	static
../Drivers/STM32U0xx_HAL_Driver/Src/stm32u0xx_ll_utils.c:181:6:LL_mDelay	24	static
../Drivers/STM32U0xx_HAL_Driver/Src/stm32u0xx_ll_utils.c:246:6:LL_SetSystemCoreClock	16	static
../Drivers/STM32U0xx_HAL_Driver/Src/stm32u0xx_ll_utils.c:271:13:LL_PLL_ConfigSystemClock_MSI	40	static
../Drivers/STM32U0xx_HAL_Driver/Src/stm32u0xx_ll_utils.c:359:13:LL_PLL_ConfigSystemClock_HSI	32	static
../Drivers/STM32U0xx_HAL_Driver/Src/stm32u0xx_ll_utils.c:418:13:LL_PLL_ConfigSystemClock_HSE	40	static
../Drivers/STM32U0xx_HAL_Driver/Src/stm32u0xx_ll_utils.c:491:20:UTILS_SetFlashLatency	24	static
../Drivers/STM32U0xx_HAL_Driver/Src/stm32u0xx_ll_utils.c:561:13:LL_SetFlashLatency	16	static
../Drivers/STM32U0xx_HAL_Driver/Src/stm32u0xx_ll_utils.c:573:17:UTILS_GetPLLOutputFrequency	24	static
../Drivers/STM32U0xx_HAL_Driver/Src/stm32u0xx_ll_utils.c:604:20:UTILS_PLL_IsBusy	16	static
../Drivers/STM32U0xx_HAL_Driver/Src/stm32u0xx_ll_utils.c:626:20:UTILS_EnablePLLAndSwitchSystem	32	static
